  4x_NERVE_OTF_fidelity photo-a__bicubic: 512x512 → 2048x2048  torch↔ONNX 148.6 dB
  4x_NERVE_OTF_fidelity photo-a__jpeg: 512x512 → 2048x2048  torch↔ONNX 147.8 dB
  4x_NERVE_OTF_fidelity photo-a__lanczos: 512x512 → 2048x2048  torch↔ONNX 148.6 dB
  4x_NERVE_OTF_fidelity graphic-a__bicubic: 512x512 → 2048x2048  torch↔ONNX 145.1 dB
  4x_NERVE_OTF_fidelity graphic-a__jpeg: 512x512 → 2048x2048  torch↔ONNX 145.2 dB
  4x_NERVE_OTF_fidelity graphic-a__lanczos: 512x512 → 2048x2048  torch↔ONNX 145.2 dB
  4x_NERVE_OTF_fidelity photo-b__bicubic: 512x512 → 2048x2048  torch↔ONNX 148.0 dB
  4x_NERVE_OTF_fidelity photo-b__jpeg: 512x512 → 2048x2048  torch↔ONNX 147.0 dB
  4x_NERVE_OTF_fidelity photo-b__lanczos: 512x512 → 2048x2048  torch↔ONNX 148.0 dB
  4x_NERVE_OTF_fidelity graphic-b__bicubic: 512x512 → 2048x2048  torch↔ONNX 145.5 dB
  4x_NERVE_OTF_fidelity graphic-b__jpeg: 512x512 → 2048x2048  torch↔ONNX 145.8 dB
  4x_NERVE_OTF_fidelity graphic-b__lanczos: 512x512 → 2048x2048  torch↔ONNX 145.5 dB
  4x_NERVE_OTF_fidelity photo-c__bicubic: 512x512 → 2048x2048  torch↔ONNX 148.1 dB
  4x_NERVE_OTF_fidelity photo-c__jpeg: 512x512 → 2048x2048  torch↔ONNX 147.1 dB
  4x_NERVE_OTF_fidelity photo-c__lanczos: 512x512 → 2048x2048  torch↔ONNX 148.1 dB
  4x_NERVE_OTF_fidelity graphic-c__bicubic: 512x512 → 2048x2048  torch↔ONNX 145.8 dB
  4x_NERVE_OTF_fidelity graphic-c__jpeg: 512x512 → 2048x2048  torch↔ONNX 146.0 dB
  4x_NERVE_OTF_fidelity graphic-c__lanczos: 512x512 → 2048x2048  torch↔ONNX 145.8 dB
  4x_NERVE_OTF_fidelity photo-d__bicubic: 512x512 → 2048x2048  torch↔ONNX 148.4 dB
  4x_NERVE_OTF_fidelity photo-d__jpeg: 512x512 → 2048x2048  torch↔ONNX 147.6 dB
  4x_NERVE_OTF_fidelity photo-d__lanczos: 512x512 → 2048x2048  torch↔ONNX 148.3 dB
  4x_NERVE_OTF_fidelity graphic-d__bicubic: 512x512 → 2048x2048  torch↔ONNX 146.0 dB
  4x_NERVE_OTF_fidelity graphic-d__jpeg: 512x512 → 2048x2048  torch↔ONNX 146.3 dB
  4x_NERVE_OTF_fidelity graphic-d__lanczos: 512x512 → 2048x2048  torch↔ONNX 146.0 dB
  4x_NERVE_OTF_fidelity photo-e__bicubic: 512x512 → 2048x2048  torch↔ONNX 148.3 dB
  4x_NERVE_OTF_fidelity photo-e__jpeg: 512x512 → 2048x2048  torch↔ONNX 147.9 dB
  4x_NERVE_OTF_fidelity photo-e__lanczos: 512x512 → 2048x2048  torch↔ONNX 148.3 dB
4x_NERVE_OTF_fidelity: 27 cells, worst torch↔ONNX 145.1 dB → oracle/goldens/e2e/4x_NERVE_OTF_fidelity
  4x_NERVE_release photo-a__bicubic: 512x512 → 2048x2048  torch↔ONNX 149.5 dB
  4x_NERVE_release photo-a__jpeg: 512x512 → 2048x2048  torch↔ONNX 148.9 dB
  4x_NERVE_release photo-a__lanczos: 512x512 → 2048x2048  torch↔ONNX 149.3 dB
  4x_NERVE_release graphic-a__bicubic: 512x512 → 2048x2048  torch↔ONNX 146.5 dB
  4x_NERVE_release graphic-a__jpeg: 512x512 → 2048x2048  torch↔ONNX 145.7 dB
  4x_NERVE_release graphic-a__lanczos: 512x512 → 2048x2048  torch↔ONNX 146.4 dB
  4x_NERVE_release photo-b__bicubic: 512x512 → 2048x2048  torch↔ONNX 149.0 dB
  4x_NERVE_release photo-b__jpeg: 512x512 → 2048x2048  torch↔ONNX 148.3 dB
  4x_NERVE_release photo-b__lanczos: 512x512 → 2048x2048  torch↔ONNX 148.8 dB
  4x_NERVE_release graphic-b__bicubic: 512x512 → 2048x2048  torch↔ONNX 147.0 dB
  4x_NERVE_release graphic-b__jpeg: 512x512 → 2048x2048  torch↔ONNX 146.5 dB
  4x_NERVE_release graphic-b__lanczos: 512x512 → 2048x2048  torch↔ONNX 146.9 dB
  4x_NERVE_release photo-c__bicubic: 512x512 → 2048x2048  torch↔ONNX 149.1 dB
  4x_NERVE_release photo-c__jpeg: 512x512 → 2048x2048  torch↔ONNX 148.6 dB
  4x_NERVE_release photo-c__lanczos: 512x512 → 2048x2048  torch↔ONNX 148.8 dB
  4x_NERVE_release graphic-c__bicubic: 512x512 → 2048x2048  torch↔ONNX 147.1 dB
  4x_NERVE_release graphic-c__jpeg: 512x512 → 2048x2048  torch↔ONNX 147.0 dB
  4x_NERVE_release graphic-c__lanczos: 512x512 → 2048x2048  torch↔ONNX 147.0 dB
  4x_NERVE_release photo-d__bicubic: 512x512 → 2048x2048  torch↔ONNX 149.0 dB
  4x_NERVE_release photo-d__jpeg: 512x512 → 2048x2048  torch↔ONNX 149.3 dB
  4x_NERVE_release photo-d__lanczos: 512x512 → 2048x2048  torch↔ONNX 148.6 dB
  4x_NERVE_release graphic-d__bicubic: 512x512 → 2048x2048  torch↔ONNX 147.4 dB
  4x_NERVE_release graphic-d__jpeg: 512x512 → 2048x2048  torch↔ONNX 147.5 dB
  4x_NERVE_release graphic-d__lanczos: 512x512 → 2048x2048  torch↔ONNX 147.3 dB
  4x_NERVE_release photo-e__bicubic: 512x512 → 2048x2048  torch↔ONNX 149.7 dB
  4x_NERVE_release photo-e__jpeg: 512x512 → 2048x2048  torch↔ONNX 148.8 dB
  4x_NERVE_release photo-e__lanczos: 512x512 → 2048x2048  torch↔ONNX 149.6 dB
4x_NERVE_release: 27 cells, worst torch↔ONNX 145.7 dB → oracle/goldens/e2e/4x_NERVE_release
  2x_NERVE_release photo-a__bicubic: 512x512 → 1024x1024  torch↔ONNX 150.2 dB
  2x_NERVE_release photo-a__jpeg: 512x512 → 1024x1024  torch↔ONNX 148.7 dB
  2x_NERVE_release photo-a__lanczos: 512x512 → 1024x1024  torch↔ONNX 150.0 dB
  2x_NERVE_release graphic-a__bicubic: 512x512 → 1024x1024  torch↔ONNX 147.2 dB
  2x_NERVE_release graphic-a__jpeg: 512x512 → 1024x1024  torch↔ONNX 146.7 dB
  2x_NERVE_release graphic-a__lanczos: 512x512 → 1024x1024  torch↔ONNX 147.0 dB
  2x_NERVE_release photo-b__bicubic: 512x512 → 1024x1024  torch↔ONNX 149.4 dB
  2x_NERVE_release photo-b__jpeg: 512x512 → 1024x1024  torch↔ONNX 148.0 dB
  2x_NERVE_release photo-b__lanczos: 512x512 → 1024x1024  torch↔ONNX 149.2 dB
  2x_NERVE_release graphic-b__bicubic: 512x512 → 1024x1024  torch↔ONNX 147.6 dB
  2x_NERVE_release graphic-b__jpeg: 512x512 → 1024x1024  torch↔ONNX 147.7 dB
  2x_NERVE_release graphic-b__lanczos: 512x512 → 1024x1024  torch↔ONNX 147.5 dB
  2x_NERVE_release photo-c__bicubic: 512x512 → 1024x1024  torch↔ONNX 149.4 dB
  2x_NERVE_release photo-c__jpeg: 512x512 → 1024x1024  torch↔ONNX 148.8 dB
  2x_NERVE_release photo-c__lanczos: 512x512 → 1024x1024  torch↔ONNX 149.1 dB
  2x_NERVE_release graphic-c__bicubic: 512x512 → 1024x1024  torch↔ONNX 147.8 dB
  2x_NERVE_release graphic-c__jpeg: 512x512 → 1024x1024  torch↔ONNX 148.6 dB
  2x_NERVE_release graphic-c__lanczos: 512x512 → 1024x1024  torch↔ONNX 147.6 dB
  2x_NERVE_release photo-d__bicubic: 512x512 → 1024x1024  torch↔ONNX 149.7 dB
  2x_NERVE_release photo-d__jpeg: 512x512 → 1024x1024  torch↔ONNX 149.9 dB
  2x_NERVE_release photo-d__lanczos: 512x512 → 1024x1024  torch↔ONNX 149.4 dB
  2x_NERVE_release graphic-d__bicubic: 512x512 → 1024x1024  torch↔ONNX 148.0 dB
  2x_NERVE_release graphic-d__jpeg: 512x512 → 1024x1024  torch↔ONNX 149.1 dB
  2x_NERVE_release graphic-d__lanczos: 512x512 → 1024x1024  torch↔ONNX 147.8 dB
  2x_NERVE_release photo-e__bicubic: 512x512 → 1024x1024  torch↔ONNX 150.2 dB
  2x_NERVE_release photo-e__jpeg: 512x512 → 1024x1024  torch↔ONNX 151.0 dB
  2x_NERVE_release photo-e__lanczos: 512x512 → 1024x1024  torch↔ONNX 150.0 dB
2x_NERVE_release: 27 cells, worst torch↔ONNX 146.7 dB → oracle/goldens/e2e/2x_NERVE_release
  4x_NERVE_OTF_gan photo-a__bicubic: 512x512 → 2048x2048  torch↔ONNX 145.7 dB
  4x_NERVE_OTF_gan photo-a__jpeg: 512x512 → 2048x2048  torch↔ONNX 144.1 dB
  4x_NERVE_OTF_gan photo-a__lanczos: 512x512 → 2048x2048  torch↔ONNX 145.7 dB
  4x_NERVE_OTF_gan graphic-a__bicubic: 512x512 → 2048x2048  torch↔ONNX 141.8 dB
  4x_NERVE_OTF_gan graphic-a__jpeg: 512x512 → 2048x2048  torch↔ONNX 141.5 dB
  4x_NERVE_OTF_gan graphic-a__lanczos: 512x512 → 2048x2048  torch↔ONNX 142.1 dB
  4x_NERVE_OTF_gan photo-b__bicubic: 512x512 → 2048x2048  torch↔ONNX 145.5 dB
  4x_NERVE_OTF_gan photo-b__jpeg: 512x512 → 2048x2048  torch↔ONNX 142.7 dB
  4x_NERVE_OTF_gan photo-b__lanczos: 512x512 → 2048x2048  torch↔ONNX 145.5 dB
  4x_NERVE_OTF_gan graphic-b__bicubic: 512x512 → 2048x2048  torch↔ONNX 142.2 dB
  4x_NERVE_OTF_gan graphic-b__jpeg: 512x512 → 2048x2048  torch↔ONNX 141.8 dB
  4x_NERVE_OTF_gan graphic-b__lanczos: 512x512 → 2048x2048  torch↔ONNX 142.4 dB
  4x_NERVE_OTF_gan photo-c__bicubic: 512x512 → 2048x2048  torch↔ONNX 144.7 dB
  4x_NERVE_OTF_gan photo-c__jpeg: 512x512 → 2048x2048  torch↔ONNX 142.6 dB
  4x_NERVE_OTF_gan photo-c__lanczos: 512x512 → 2048x2048  torch↔ONNX 144.7 dB
  4x_NERVE_OTF_gan graphic-c__bicubic: 512x512 → 2048x2048  torch↔ONNX 142.9 dB
  4x_NERVE_OTF_gan graphic-c__jpeg: 512x512 → 2048x2048  torch↔ONNX 142.5 dB
  4x_NERVE_OTF_gan graphic-c__lanczos: 512x512 → 2048x2048  torch↔ONNX 142.9 dB
  4x_NERVE_OTF_gan photo-d__bicubic: 512x512 → 2048x2048  torch↔ONNX 143.9 dB
  4x_NERVE_OTF_gan photo-d__jpeg: 512x512 → 2048x2048  torch↔ONNX 142.0 dB
  4x_NERVE_OTF_gan photo-d__lanczos: 512x512 → 2048x2048  torch↔ONNX 143.9 dB
  4x_NERVE_OTF_gan graphic-d__bicubic: 512x512 → 2048x2048  torch↔ONNX 143.3 dB
  4x_NERVE_OTF_gan graphic-d__jpeg: 512x512 → 2048x2048  torch↔ONNX 142.5 dB
  4x_NERVE_OTF_gan graphic-d__lanczos: 512x512 → 2048x2048  torch↔ONNX 143.2 dB
  4x_NERVE_OTF_gan photo-e__bicubic: 512x512 → 2048x2048  torch↔ONNX 145.4 dB
  4x_NERVE_OTF_gan photo-e__jpeg: 512x512 → 2048x2048  torch↔ONNX 143.9 dB
  4x_NERVE_OTF_gan photo-e__lanczos: 512x512 → 2048x2048  torch↔ONNX 145.3 dB
4x_NERVE_OTF_gan: 27 cells, worst torch↔ONNX 141.5 dB → oracle/goldens/e2e/4x_NERVE_OTF_gan
  2x_NERVE_OTF_gan photo-a__bicubic: 512x512 → 1024x1024  torch↔ONNX 146.1 dB
  2x_NERVE_OTF_gan photo-a__jpeg: 512x512 → 1024x1024  torch↔ONNX 143.9 dB
  2x_NERVE_OTF_gan photo-a__lanczos: 512x512 → 1024x1024  torch↔ONNX 146.1 dB
  2x_NERVE_OTF_gan graphic-a__bicubic: 512x512 → 1024x1024  torch↔ONNX 143.8 dB
  2x_NERVE_OTF_gan graphic-a__jpeg: 512x512 → 1024x1024  torch↔ONNX 143.3 dB
  2x_NERVE_OTF_gan graphic-a__lanczos: 512x512 → 1024x1024  torch↔ONNX 143.9 dB
  2x_NERVE_OTF_gan photo-b__bicubic: 512x512 → 1024x1024  torch↔ONNX 145.8 dB
  2x_NERVE_OTF_gan photo-b__jpeg: 512x512 → 1024x1024  torch↔ONNX 143.4 dB
  2x_NERVE_OTF_gan photo-b__lanczos: 512x512 → 1024x1024  torch↔ONNX 145.8 dB
  2x_NERVE_OTF_gan graphic-b__bicubic: 512x512 → 1024x1024  torch↔ONNX 144.2 dB
  2x_NERVE_OTF_gan graphic-b__jpeg: 512x512 → 1024x1024  torch↔ONNX 143.8 dB
  2x_NERVE_OTF_gan graphic-b__lanczos: 512x512 → 1024x1024  torch↔ONNX 144.3 dB
  2x_NERVE_OTF_gan photo-c__bicubic: 512x512 → 1024x1024  torch↔ONNX 145.2 dB
  2x_NERVE_OTF_gan photo-c__jpeg: 512x512 → 1024x1024  torch↔ONNX 143.3 dB
  2x_NERVE_OTF_gan photo-c__lanczos: 512x512 → 1024x1024  torch↔ONNX 145.1 dB
  2x_NERVE_OTF_gan graphic-c__bicubic: 512x512 → 1024x1024  torch↔ONNX 145.0 dB
  2x_NERVE_OTF_gan graphic-c__jpeg: 512x512 → 1024x1024  torch↔ONNX 144.7 dB
  2x_NERVE_OTF_gan graphic-c__lanczos: 512x512 → 1024x1024  torch↔ONNX 144.9 dB
  2x_NERVE_OTF_gan photo-d__bicubic: 512x512 → 1024x1024  torch↔ONNX 144.5 dB
  2x_NERVE_OTF_gan photo-d__jpeg: 512x512 → 1024x1024  torch↔ONNX 142.9 dB
  2x_NERVE_OTF_gan photo-d__lanczos: 512x512 → 1024x1024  torch↔ONNX 144.3 dB
  2x_NERVE_OTF_gan graphic-d__bicubic: 512x512 → 1024x1024  torch↔ONNX 145.2 dB
  2x_NERVE_OTF_gan graphic-d__jpeg: 512x512 → 1024x1024  torch↔ONNX 144.9 dB
  2x_NERVE_OTF_gan graphic-d__lanczos: 512x512 → 1024x1024  torch↔ONNX 145.2 dB
  2x_NERVE_OTF_gan photo-e__bicubic: 512x512 → 1024x1024  torch↔ONNX 146.1 dB
  2x_NERVE_OTF_gan photo-e__jpeg: 512x512 → 1024x1024  torch↔ONNX 145.1 dB
  2x_NERVE_OTF_gan photo-e__lanczos: 512x512 → 1024x1024  torch↔ONNX 146.0 dB
2x_NERVE_OTF_gan: 27 cells, worst torch↔ONNX 142.9 dB → oracle/goldens/e2e/2x_NERVE_OTF_gan
