MLX_ENABLE_TF32=0
   2x_NERVE_OTF_gan/photo-a__bicubic: vs torch 142.4 dB (max|Δ| 1.40e-06) · vs ONNX 142.5 dB
   2x_NERVE_OTF_gan/photo-a__jpeg: vs torch 140.0 dB (max|Δ| 2.03e-06) · vs ONNX 140.3 dB
   2x_NERVE_OTF_gan/photo-a__lanczos: vs torch 142.4 dB (max|Δ| 1.28e-06) · vs ONNX 142.6 dB
   2x_NERVE_OTF_gan/graphic-a__bicubic: vs torch 139.5 dB (max|Δ| 1.64e-06) · vs ONNX 139.5 dB
   2x_NERVE_OTF_gan/graphic-a__jpeg: vs torch 139.4 dB (max|Δ| 1.55e-06) · vs ONNX 139.6 dB
   2x_NERVE_OTF_gan/graphic-a__lanczos: vs torch 139.6 dB (max|Δ| 1.61e-06) · vs ONNX 139.6 dB
   2x_NERVE_OTF_gan/photo-b__bicubic: vs torch 142.0 dB (max|Δ| 1.37e-06) · vs ONNX 142.2 dB
   2x_NERVE_OTF_gan/photo-b__jpeg: vs torch 139.6 dB (max|Δ| 1.43e-06) · vs ONNX 139.9 dB
   2x_NERVE_OTF_gan/photo-b__lanczos: vs torch 142.0 dB (max|Δ| 1.28e-06) · vs ONNX 142.3 dB
   2x_NERVE_OTF_gan/graphic-b__bicubic: vs torch 139.6 dB (max|Δ| 4.65e-06) · vs ONNX 139.6 dB
   2x_NERVE_OTF_gan/graphic-b__jpeg: vs torch 139.9 dB (max|Δ| 1.43e-06) · vs ONNX 140.1 dB
   2x_NERVE_OTF_gan/graphic-b__lanczos: vs torch 139.7 dB (max|Δ| 1.55e-06) · vs ONNX 139.6 dB
   2x_NERVE_OTF_gan/photo-c__bicubic: vs torch 141.7 dB (max|Δ| 1.07e-06) · vs ONNX 141.8 dB
   2x_NERVE_OTF_gan/photo-c__jpeg: vs torch 139.8 dB (max|Δ| 1.97e-06) · vs ONNX 140.2 dB
   2x_NERVE_OTF_gan/photo-c__lanczos: vs torch 141.7 dB (max|Δ| 1.19e-06) · vs ONNX 141.8 dB
   2x_NERVE_OTF_gan/graphic-c__bicubic: vs torch 140.1 dB (max|Δ| 1.73e-06) · vs ONNX 139.8 dB
   2x_NERVE_OTF_gan/graphic-c__jpeg: vs torch 140.2 dB (max|Δ| 1.82e-06) · vs ONNX 140.3 dB
   2x_NERVE_OTF_gan/graphic-c__lanczos: vs torch 140.0 dB (max|Δ| 1.61e-06) · vs ONNX 139.8 dB
   2x_NERVE_OTF_gan/photo-d__bicubic: vs torch 141.2 dB (max|Δ| 1.82e-06) · vs ONNX 141.7 dB
   2x_NERVE_OTF_gan/photo-d__jpeg: vs torch 139.7 dB (max|Δ| 2.62e-06) · vs ONNX 140.2 dB
   2x_NERVE_OTF_gan/photo-d__lanczos: vs torch 141.2 dB (max|Δ| 3.13e-06) · vs ONNX 141.6 dB
   2x_NERVE_OTF_gan/graphic-d__bicubic: vs torch 140.3 dB (max|Δ| 1.46e-06) · vs ONNX 140.0 dB
   2x_NERVE_OTF_gan/graphic-d__jpeg: vs torch 140.4 dB (max|Δ| 1.43e-06) · vs ONNX 140.5 dB
   2x_NERVE_OTF_gan/graphic-d__lanczos: vs torch 140.3 dB (max|Δ| 1.19e-06) · vs ONNX 140.0 dB
   2x_NERVE_OTF_gan/photo-e__bicubic: vs torch 142.7 dB (max|Δ| 2.65e-06) · vs ONNX 142.6 dB
   2x_NERVE_OTF_gan/photo-e__jpeg: vs torch 140.5 dB (max|Δ| 2.83e-06) · vs ONNX 140.9 dB
   2x_NERVE_OTF_gan/photo-e__lanczos: vs torch 142.8 dB (max|Δ| 2.41e-06) · vs ONNX 142.7 dB
N2 2x_NERVE_OTF_gan [gpu fp32 compiled] 27 cells: worst vs torch 139.4 dB · worst vs ONNX 139.5 dB · worst rel 3.70e-06 · (torch↔ONNX floor 142.9 dB) ✅
   2x_NERVE_release/photo-a__bicubic: vs torch 146.0 dB (max|Δ| 8.64e-07) · vs ONNX 145.6 dB
   2x_NERVE_release/photo-a__jpeg: vs torch 144.0 dB (max|Δ| 1.01e-06) · vs ONNX 143.8 dB
   2x_NERVE_release/photo-a__lanczos: vs torch 145.9 dB (max|Δ| 5.96e-07) · vs ONNX 145.6 dB
   2x_NERVE_release/graphic-a__bicubic: vs torch 142.5 dB (max|Δ| 5.96e-07) · vs ONNX 142.0 dB
   2x_NERVE_release/graphic-a__jpeg: vs torch 141.8 dB (max|Δ| 1.37e-06) · vs ONNX 141.7 dB
   2x_NERVE_release/graphic-a__lanczos: vs torch 142.4 dB (max|Δ| 5.96e-07) · vs ONNX 142.0 dB
   2x_NERVE_release/photo-b__bicubic: vs torch 145.3 dB (max|Δ| 1.22e-06) · vs ONNX 145.1 dB
   2x_NERVE_release/photo-b__jpeg: vs torch 143.5 dB (max|Δ| 1.19e-06) · vs ONNX 143.3 dB
   2x_NERVE_release/photo-b__lanczos: vs torch 145.2 dB (max|Δ| 8.94e-07) · vs ONNX 145.0 dB
   2x_NERVE_release/graphic-b__bicubic: vs torch 142.7 dB (max|Δ| 6.56e-07) · vs ONNX 142.2 dB
   2x_NERVE_release/graphic-b__jpeg: vs torch 142.2 dB (max|Δ| 1.55e-06) · vs ONNX 142.1 dB
   2x_NERVE_release/graphic-b__lanczos: vs torch 142.6 dB (max|Δ| 5.96e-07) · vs ONNX 142.2 dB
   2x_NERVE_release/photo-c__bicubic: vs torch 145.1 dB (max|Δ| 7.15e-07) · vs ONNX 144.9 dB
   2x_NERVE_release/photo-c__jpeg: vs torch 144.2 dB (max|Δ| 7.75e-07) · vs ONNX 144.1 dB
   2x_NERVE_release/photo-c__lanczos: vs torch 145.1 dB (max|Δ| 7.15e-07) · vs ONNX 144.9 dB
   2x_NERVE_release/graphic-c__bicubic: vs torch 142.6 dB (max|Δ| 5.66e-07) · vs ONNX 142.1 dB
   2x_NERVE_release/graphic-c__jpeg: vs torch 142.3 dB (max|Δ| 1.37e-06) · vs ONNX 142.2 dB
   2x_NERVE_release/graphic-c__lanczos: vs torch 142.5 dB (max|Δ| 5.96e-07) · vs ONNX 142.0 dB
   2x_NERVE_release/photo-d__bicubic: vs torch 145.4 dB (max|Δ| 8.34e-07) · vs ONNX 145.3 dB
   2x_NERVE_release/photo-d__jpeg: vs torch 145.6 dB (max|Δ| 7.45e-07) · vs ONNX 145.5 dB
   2x_NERVE_release/photo-d__lanczos: vs torch 145.3 dB (max|Δ| 8.94e-07) · vs ONNX 145.2 dB
   2x_NERVE_release/graphic-d__bicubic: vs torch 142.7 dB (max|Δ| 5.36e-07) · vs ONNX 142.2 dB
   2x_NERVE_release/graphic-d__jpeg: vs torch 142.3 dB (max|Δ| 1.43e-06) · vs ONNX 142.3 dB
   2x_NERVE_release/graphic-d__lanczos: vs torch 142.6 dB (max|Δ| 5.07e-07) · vs ONNX 142.2 dB
   2x_NERVE_release/photo-e__bicubic: vs torch 146.6 dB (max|Δ| 7.75e-07) · vs ONNX 146.3 dB
   2x_NERVE_release/photo-e__jpeg: vs torch 144.6 dB (max|Δ| 8.34e-07) · vs ONNX 144.5 dB
   2x_NERVE_release/photo-e__lanczos: vs torch 146.5 dB (max|Δ| 7.15e-07) · vs ONNX 146.1 dB
N2 2x_NERVE_release [gpu fp32 compiled] 27 cells: worst vs torch 141.8 dB · worst vs ONNX 141.7 dB · worst rel 1.22e-06 · (torch↔ONNX floor 146.7 dB) ✅
   4x_NERVE_OTF_fidelity/photo-a__bicubic: vs torch 143.7 dB (max|Δ| 8.94e-07) · vs ONNX 143.9 dB
   4x_NERVE_OTF_fidelity/photo-a__jpeg: vs torch 143.2 dB (max|Δ| 1.49e-06) · vs ONNX 143.1 dB
   4x_NERVE_OTF_fidelity/photo-a__lanczos: vs torch 143.7 dB (max|Δ| 7.75e-07) · vs ONNX 143.9 dB
   4x_NERVE_OTF_fidelity/graphic-a__bicubic: vs torch 140.9 dB (max|Δ| 1.31e-06) · vs ONNX 141.0 dB
   4x_NERVE_OTF_fidelity/graphic-a__jpeg: vs torch 141.0 dB (max|Δ| 1.43e-06) · vs ONNX 140.9 dB
   4x_NERVE_OTF_fidelity/graphic-a__lanczos: vs torch 141.0 dB (max|Δ| 1.01e-06) · vs ONNX 141.0 dB
   4x_NERVE_OTF_fidelity/photo-b__bicubic: vs torch 143.1 dB (max|Δ| 1.46e-06) · vs ONNX 143.3 dB
   4x_NERVE_OTF_fidelity/photo-b__jpeg: vs torch 142.4 dB (max|Δ| 2.44e-06) · vs ONNX 142.4 dB
   4x_NERVE_OTF_fidelity/photo-b__lanczos: vs torch 143.2 dB (max|Δ| 9.24e-07) · vs ONNX 143.3 dB
   4x_NERVE_OTF_fidelity/graphic-b__bicubic: vs torch 141.2 dB (max|Δ| 1.13e-06) · vs ONNX 141.2 dB
   4x_NERVE_OTF_fidelity/graphic-b__jpeg: vs torch 141.3 dB (max|Δ| 1.97e-06) · vs ONNX 141.1 dB
   4x_NERVE_OTF_fidelity/graphic-b__lanczos: vs torch 141.2 dB (max|Δ| 1.07e-06) · vs ONNX 141.3 dB
   4x_NERVE_OTF_fidelity/photo-c__bicubic: vs torch 143.6 dB (max|Δ| 8.94e-07) · vs ONNX 143.6 dB
   4x_NERVE_OTF_fidelity/photo-c__jpeg: vs torch 142.7 dB (max|Δ| 2.92e-06) · vs ONNX 142.6 dB
   4x_NERVE_OTF_fidelity/photo-c__lanczos: vs torch 143.6 dB (max|Δ| 1.07e-06) · vs ONNX 143.6 dB
   4x_NERVE_OTF_fidelity/graphic-c__bicubic: vs torch 141.1 dB (max|Δ| 1.25e-06) · vs ONNX 141.1 dB
   4x_NERVE_OTF_fidelity/graphic-c__jpeg: vs torch 141.2 dB (max|Δ| 1.43e-06) · vs ONNX 140.9 dB
   4x_NERVE_OTF_fidelity/graphic-c__lanczos: vs torch 141.2 dB (max|Δ| 1.01e-06) · vs ONNX 141.2 dB
   4x_NERVE_OTF_fidelity/photo-d__bicubic: vs torch 144.1 dB (max|Δ| 1.13e-06) · vs ONNX 144.3 dB
   4x_NERVE_OTF_fidelity/photo-d__jpeg: vs torch 143.0 dB (max|Δ| 1.43e-06) · vs ONNX 143.2 dB
   4x_NERVE_OTF_fidelity/photo-d__lanczos: vs torch 144.1 dB (max|Δ| 8.94e-07) · vs ONNX 144.3 dB
   4x_NERVE_OTF_fidelity/graphic-d__bicubic: vs torch 141.2 dB (max|Δ| 1.25e-06) · vs ONNX 141.3 dB
   4x_NERVE_OTF_fidelity/graphic-d__jpeg: vs torch 141.4 dB (max|Δ| 1.97e-06) · vs ONNX 141.0 dB
   4x_NERVE_OTF_fidelity/graphic-d__lanczos: vs torch 141.3 dB (max|Δ| 1.07e-06) · vs ONNX 141.3 dB
   4x_NERVE_OTF_fidelity/photo-e__bicubic: vs torch 144.0 dB (max|Δ| 9.54e-07) · vs ONNX 144.5 dB
   4x_NERVE_OTF_fidelity/photo-e__jpeg: vs torch 144.5 dB (max|Δ| 1.49e-06) · vs ONNX 144.4 dB
   4x_NERVE_OTF_fidelity/photo-e__lanczos: vs torch 144.1 dB (max|Δ| 1.07e-06) · vs ONNX 144.5 dB
N2 4x_NERVE_OTF_fidelity [gpu fp32 compiled] 27 cells: worst vs torch 140.9 dB · worst vs ONNX 140.9 dB · worst rel 2.53e-06 · (torch↔ONNX floor 145.1 dB) ✅
   4x_NERVE_OTF_gan/photo-a__bicubic: vs torch 141.6 dB (max|Δ| 2.06e-06) · vs ONNX 141.9 dB
   4x_NERVE_OTF_gan/photo-a__jpeg: vs torch 140.3 dB (max|Δ| 2.98e-06) · vs ONNX 140.5 dB
   4x_NERVE_OTF_gan/photo-a__lanczos: vs torch 141.7 dB (max|Δ| 1.94e-06) · vs ONNX 142.0 dB
   4x_NERVE_OTF_gan/graphic-a__bicubic: vs torch 138.7 dB (max|Δ| 2.18e-06) · vs ONNX 139.0 dB
   4x_NERVE_OTF_gan/graphic-a__jpeg: vs torch 138.3 dB (max|Δ| 2.44e-06) · vs ONNX 138.5 dB
   4x_NERVE_OTF_gan/graphic-a__lanczos: vs torch 139.0 dB (max|Δ| 4.23e-06) · vs ONNX 139.2 dB
   4x_NERVE_OTF_gan/photo-b__bicubic: vs torch 141.3 dB (max|Δ| 2.09e-06) · vs ONNX 141.5 dB
   4x_NERVE_OTF_gan/photo-b__jpeg: vs torch 139.0 dB (max|Δ| 4.05e-06) · vs ONNX 139.2 dB
   4x_NERVE_OTF_gan/photo-b__lanczos: vs torch 141.3 dB (max|Δ| 2.50e-06) · vs ONNX 141.6 dB
   4x_NERVE_OTF_gan/graphic-b__bicubic: vs torch 139.1 dB (max|Δ| 2.52e-06) · vs ONNX 139.4 dB
   4x_NERVE_OTF_gan/graphic-b__jpeg: vs torch 138.6 dB (max|Δ| 2.47e-06) · vs ONNX 138.9 dB
   4x_NERVE_OTF_gan/graphic-b__lanczos: vs torch 139.2 dB (max|Δ| 2.59e-06) · vs ONNX 139.5 dB
   4x_NERVE_OTF_gan/photo-c__bicubic: vs torch 141.0 dB (max|Δ| 1.91e-06) · vs ONNX 141.3 dB
   4x_NERVE_OTF_gan/photo-c__jpeg: vs torch 138.8 dB (max|Δ| 3.34e-06) · vs ONNX 139.0 dB
   4x_NERVE_OTF_gan/photo-c__lanczos: vs torch 141.1 dB (max|Δ| 2.09e-06) · vs ONNX 141.4 dB
   4x_NERVE_OTF_gan/graphic-c__bicubic: vs torch 139.4 dB (max|Δ| 1.91e-06) · vs ONNX 139.6 dB
   4x_NERVE_OTF_gan/graphic-c__jpeg: vs torch 139.0 dB (max|Δ| 2.26e-06) · vs ONNX 139.1 dB
   4x_NERVE_OTF_gan/graphic-c__lanczos: vs torch 139.5 dB (max|Δ| 1.71e-06) · vs ONNX 139.8 dB
   4x_NERVE_OTF_gan/photo-d__bicubic: vs torch 140.9 dB (max|Δ| 2.86e-06) · vs ONNX 141.3 dB
   4x_NERVE_OTF_gan/photo-d__jpeg: vs torch 138.7 dB (max|Δ| 4.59e-06) · vs ONNX 139.1 dB
   4x_NERVE_OTF_gan/photo-d__lanczos: vs torch 141.0 dB (max|Δ| 2.65e-06) · vs ONNX 141.4 dB
   4x_NERVE_OTF_gan/graphic-d__bicubic: vs torch 139.7 dB (max|Δ| 2.35e-06) · vs ONNX 139.9 dB
   4x_NERVE_OTF_gan/graphic-d__jpeg: vs torch 139.1 dB (max|Δ| 2.50e-06) · vs ONNX 139.3 dB
   4x_NERVE_OTF_gan/graphic-d__lanczos: vs torch 139.8 dB (max|Δ| 1.67e-06) · vs ONNX 140.0 dB
   4x_NERVE_OTF_gan/photo-e__bicubic: vs torch 141.8 dB (max|Δ| 3.04e-06) · vs ONNX 142.4 dB
   4x_NERVE_OTF_gan/photo-e__jpeg: vs torch 140.6 dB (max|Δ| 3.70e-06) · vs ONNX 140.9 dB
   4x_NERVE_OTF_gan/photo-e__lanczos: vs torch 141.8 dB (max|Δ| 2.56e-06) · vs ONNX 142.4 dB
N2 4x_NERVE_OTF_gan [gpu fp32 compiled] 27 cells: worst vs torch 138.3 dB · worst vs ONNX 138.5 dB · worst rel 3.49e-06 · (torch↔ONNX floor 141.5 dB) ✅
   4x_NERVE_release/photo-a__bicubic: vs torch 144.1 dB (max|Δ| 1.01e-06) · vs ONNX 144.2 dB
   4x_NERVE_release/photo-a__jpeg: vs torch 144.2 dB (max|Δ| 1.49e-06) · vs ONNX 144.0 dB
   4x_NERVE_release/photo-a__lanczos: vs torch 144.1 dB (max|Δ| 1.25e-06) · vs ONNX 144.2 dB
   4x_NERVE_release/graphic-a__bicubic: vs torch 141.7 dB (max|Δ| 1.07e-06) · vs ONNX 141.6 dB
   4x_NERVE_release/graphic-a__jpeg: vs torch 141.4 dB (max|Δ| 2.03e-06) · vs ONNX 141.2 dB
   4x_NERVE_release/graphic-a__lanczos: vs torch 141.8 dB (max|Δ| 1.18e-06) · vs ONNX 141.6 dB
   4x_NERVE_release/photo-b__bicubic: vs torch 143.6 dB (max|Δ| 1.37e-06) · vs ONNX 143.7 dB
   4x_NERVE_release/photo-b__jpeg: vs torch 143.6 dB (max|Δ| 1.71e-06) · vs ONNX 143.4 dB
   4x_NERVE_release/photo-b__lanczos: vs torch 143.6 dB (max|Δ| 1.91e-06) · vs ONNX 143.7 dB
   4x_NERVE_release/graphic-b__bicubic: vs torch 142.0 dB (max|Δ| 1.37e-06) · vs ONNX 141.9 dB
   4x_NERVE_release/graphic-b__jpeg: vs torch 141.9 dB (max|Δ| 2.44e-06) · vs ONNX 141.6 dB
   4x_NERVE_release/graphic-b__lanczos: vs torch 142.0 dB (max|Δ| 1.13e-06) · vs ONNX 141.8 dB
   4x_NERVE_release/photo-c__bicubic: vs torch 144.1 dB (max|Δ| 1.22e-06) · vs ONNX 144.1 dB
   4x_NERVE_release/photo-c__jpeg: vs torch 144.0 dB (max|Δ| 1.97e-06) · vs ONNX 143.6 dB
   4x_NERVE_release/photo-c__lanczos: vs torch 144.1 dB (max|Δ| 1.43e-06) · vs ONNX 144.0 dB
   4x_NERVE_release/graphic-c__bicubic: vs torch 141.8 dB (max|Δ| 1.01e-06) · vs ONNX 141.7 dB
   4x_NERVE_release/graphic-c__jpeg: vs torch 141.9 dB (max|Δ| 2.15e-06) · vs ONNX 141.5 dB
   4x_NERVE_release/graphic-c__lanczos: vs torch 141.8 dB (max|Δ| 9.24e-07) · vs ONNX 141.6 dB
   4x_NERVE_release/photo-d__bicubic: vs torch 144.7 dB (max|Δ| 1.70e-06) · vs ONNX 144.8 dB
   4x_NERVE_release/photo-d__jpeg: vs torch 144.6 dB (max|Δ| 1.67e-06) · vs ONNX 144.6 dB
   4x_NERVE_release/photo-d__lanczos: vs torch 144.6 dB (max|Δ| 1.62e-06) · vs ONNX 144.7 dB
   4x_NERVE_release/graphic-d__bicubic: vs torch 142.0 dB (max|Δ| 9.83e-07) · vs ONNX 141.8 dB
   4x_NERVE_release/graphic-d__jpeg: vs torch 142.1 dB (max|Δ| 2.03e-06) · vs ONNX 141.8 dB
   4x_NERVE_release/graphic-d__lanczos: vs torch 142.0 dB (max|Δ| 1.07e-06) · vs ONNX 141.8 dB
   4x_NERVE_release/photo-e__bicubic: vs torch 144.7 dB (max|Δ| 1.19e-06) · vs ONNX 144.7 dB
   4x_NERVE_release/photo-e__jpeg: vs torch 145.6 dB (max|Δ| 1.34e-06) · vs ONNX 145.4 dB
   4x_NERVE_release/photo-e__lanczos: vs torch 144.6 dB (max|Δ| 1.31e-06) · vs ONNX 144.6 dB
N2 4x_NERVE_release [gpu fp32 compiled] 27 cells: worst vs torch 141.4 dB · worst vs ONNX 141.2 dB · worst rel 1.71e-06 · (torch↔ONNX floor 145.7 dB) ✅
✅ N2 PASSED
