MLX_ENABLE_TF32=(unset → mlx default, on)
   photo-a.png 1080x1920: T256/O32/H0 66.6 dB (max 8, band×1224.3) · T256/O64/H0 68.6 dB (max 4, band×30002.0) · T512/O32/H0 70.1 dB (max 5, band×1574.6) · T256/O16/H56 114.1 dB (max 1, band×5.6) · T256/O0/H56 ∞ dB (max 0, band×1.0) · T512/O16/H56 114.9 dB (max 1, band×1.6) · T512/O0/H56 ∞ dB (max 0, band×1.0) · T384/O16/H56 115.3 dB (max 1, band×5.1)
   graphic-a.png 1080x1920: T256/O32/H0 65.9 dB (max 8, band×4484.7) · T256/O64/H0 67.3 dB (max 3, band×30796.5) · T512/O32/H0 69.5 dB (max 4, band×3558.3) · T256/O16/H56 112.5 dB (max 1, band×6.4) · T256/O0/H56 128.1 dB (max 1, band×∞) · T512/O16/H56 113.2 dB (max 1, band×2.1) · T512/O0/H56 ∞ dB (max 0, band×1.0) · T384/O16/H56 113.1 dB (max 1, band×7.5)
   photo-b.png 1080x1920: T256/O32/H0 66.2 dB (max 7, band×1445.2) · T256/O64/H0 68.1 dB (max 5, band×42915.7) · T512/O32/H0 70.5 dB (max 4, band×1132.2) · T256/O16/H56 115.1 dB (max 1, band×5.9) · T256/O0/H56 ∞ dB (max 0, band×1.0) · T512/O16/H56 114.9 dB (max 1, band×2.3) · T512/O0/H56 128.1 dB (max 1, band×∞) · T384/O16/H56 115.6 dB (max 1, band×5.9)
   graphic-b.png 1080x1920: T256/O32/H0 66.1 dB (max 4, band×4682.7) · T256/O64/H0 67.4 dB (max 3, band×46844.5) · T512/O32/H0 69.7 dB (max 3, band×4251.0) · T256/O16/H56 113.6 dB (max 1, band×7.9) · T256/O0/H56 ∞ dB (max 0, band×1.0) · T512/O16/H56 115.8 dB (max 1, band×1.3) · T512/O0/H56 125.1 dB (max 1, band×∞) · T384/O16/H56 113.8 dB (max 1, band×10.3)
   photo-c.png 1080x1920: T256/O32/H0 65.3 dB (max 6, band×1230.7) · T256/O64/H0 67.4 dB (max 3, band×49989.6) · T512/O32/H0 69.1 dB (max 6, band×1418.0) · T256/O16/H56 114.0 dB (max 1, band×5.1) · T256/O0/H56 ∞ dB (max 0, band×1.0) · T512/O16/H56 114.5 dB (max 1, band×1.3) · T512/O0/H56 ∞ dB (max 0, band×1.0) · T384/O16/H56 115.8 dB (max 1, band×2.6)
   graphic-c.png 1080x1920: T256/O32/H0 65.9 dB (max 8, band×4887.2) · T256/O64/H0 67.1 dB (max 3, band×34884.2) · T512/O32/H0 69.4 dB (max 4, band×3903.3) · T256/O16/H56 113.3 dB (max 1, band×4.8) · T256/O0/H56 ∞ dB (max 0, band×1.0) · T512/O16/H56 114.0 dB (max 1, band×1.6) · T512/O0/H56 ∞ dB (max 0, band×1.0) · T384/O16/H56 113.5 dB (max 1, band×6.5)
   photo-d.png 1080x1920: T256/O32/H0 65.4 dB (max 6, band×916.8) · T256/O64/H0 67.0 dB (max 6, band×39501.5) · T512/O32/H0 68.1 dB (max 8, band×1432.6) · T256/O16/H56 114.3 dB (max 1, band×3.8) · T256/O0/H56 ∞ dB (max 0, band×1.0) · T512/O16/H56 114.5 dB (max 1, band×1.3) · T512/O0/H56 ∞ dB (max 0, band×1.0) · T384/O16/H56 114.3 dB (max 1, band×3.5)
   graphic-d.png 1080x1920: T256/O32/H0 66.3 dB (max 4, band×5445.8) · T256/O64/H0 67.4 dB (max 2, band×39521.0) · T512/O32/H0 69.6 dB (max 3, band×4450.2) · T256/O16/H56 113.6 dB (max 1, band×7.9) · T256/O0/H56 ∞ dB (max 0, band×1.0) · T512/O16/H56 116.6 dB (max 1, band×0.9) · T512/O0/H56 ∞ dB (max 0, band×1.0) · T384/O16/H56 114.0 dB (max 1, band×9.8)
   photo-f.png 1080x607: T256/O32/H0 66.2 dB (max 11, band×1025.5) · T256/O64/H0 68.1 dB (max 3, band×18432.2) · T512/O32/H0 69.7 dB (max 5, band×1439.8) · T256/O16/H56 112.0 dB (max 1, band×1.7) · T256/O0/H56 123.1 dB (max 1, band×∞) · T512/O16/H56 111.3 dB (max 1, band×0.3) · T512/O0/H56 123.1 dB (max 1, band×∞) · T384/O16/H56 111.6 dB (max 1, band×2.9)
   photo-e.png 1080x1920: T256/O32/H0 66.0 dB (max 8, band×1662.0) · T256/O64/H0 68.0 dB (max 4, band×72384.4) · T512/O32/H0 70.1 dB (max 6, band×2762.6) · T256/O16/H56 117.0 dB (max 1, band×17.5) · T256/O0/H56 ∞ dB (max 0, band×1.0) · T512/O16/H56 117.0 dB (max 1, band×6.4) · T512/O0/H56 ∞ dB (max 0, band×1.0) · T384/O16/H56 117.7 dB (max 1, band×13.3)
N4 4x_NERVE_OTF_fidelity over 10 images — tiled vs whole-frame, 8-bit (worst per geometry):
   T256/O32/H0: worst 65.3 dB · max |Δ| 11 · worst share changed 1.778% · worst seam-band MSE ratio ×5445.81
   T256/O64/H0: worst 67.0 dB · max |Δ| 6 · worst share changed 1.296% · worst seam-band MSE ratio ×72384.40
   T512/O32/H0: worst 68.1 dB · max |Δ| 8 · worst share changed 0.966% · worst seam-band MSE ratio ×4450.16
   T256/O16/H56: worst 112.0 dB · max |Δ| 1 · worst share changed 0.000% · worst seam-band MSE ratio ×17.46
   T256/O0/H56: worst 123.1 dB · max |Δ| 1 · worst share changed 0.000% · worst seam-band MSE ratio ×1000000000.00
   T512/O16/H56: worst 111.3 dB · max |Δ| 1 · worst share changed 0.000% · worst seam-band MSE ratio ×6.44
   T512/O0/H56: worst 123.1 dB · max |Δ| 1 · worst share changed 0.000% · worst seam-band MSE ratio ×1000000000.00
   T384/O16/H56: worst 111.6 dB · max |Δ| 1 · worst share changed 0.000% · worst seam-band MSE ratio ×13.26
