MLX_ENABLE_TF32=(unset → mlx default, on)
   photo-a__bicubic__low.png 512x512: T256/O32/H0 66.0 dB (max 6, band×4614.6) · T256/O64/H0 68.7 dB (max 1, band×3646.9) · T128/O32/H0 63.1 dB (max 4, band×867.5) · T256/O16/H56 109.6 dB (max 1, band×1.2) · T256/O0/H56 ∞ dB (max 0, band×1.0) · T256/O16/H64 109.6 dB (max 1, band×1.2) · T384/O16/H56 114.4 dB (max 1, band×0.0)
   photo-a__jpeg__low.png 512x512: T256/O32/H0 64.6 dB (max 10, band×3774.5) · T256/O64/H0 67.4 dB (max 5, band×5528.3) · T128/O32/H0 61.7 dB (max 9, band×1225.3) · T256/O16/H56 108.3 dB (max 1, band×1.0) · T256/O0/H56 ∞ dB (max 0, band×1.0) · T256/O16/H64 108.3 dB (max 1, band×1.0) · T384/O16/H56 110.7 dB (max 1, band×0.8)
   photo-a__lanczos__low.png 512x512: T256/O32/H0 65.9 dB (max 3, band×3159.2) · T256/O64/H0 68.7 dB (max 1, band×3362.5) · T128/O32/H0 63.1 dB (max 6, band×805.9) · T256/O16/H56 109.1 dB (max 1, band×0.8) · T256/O0/H56 ∞ dB (max 0, band×1.0) · T256/O16/H64 109.1 dB (max 1, band×0.8) · T384/O16/H56 108.0 dB (max 1, band×0.8)
   graphic-a__bicubic__low.png 512x512: T256/O32/H0 65.8 dB (max 6, band×4823.1) · T256/O64/H0 68.7 dB (max 3, band×4651.0) · T128/O32/H0 63.0 dB (max 4, band×5718.9) · T256/O16/H56 107.1 dB (max 1, band×1.4) · T256/O0/H56 ∞ dB (max 0, band×1.0) · T256/O16/H64 107.1 dB (max 1, band×1.4) · T384/O16/H56 108.0 dB (max 1, band×∞)
   graphic-a__jpeg__low.png 512x512: T256/O32/H0 64.5 dB (max 6, band×5435.5) · T256/O64/H0 67.3 dB (max 3, band×3594.6) · T128/O32/H0 61.8 dB (max 8, band×5186.6) · T256/O16/H56 107.4 dB (max 1, band×0.5) · T256/O0/H56 ∞ dB (max 0, band×1.0) · T256/O16/H64 107.4 dB (max 1, band×0.5) · T384/O16/H56 105.5 dB (max 1, band×2.2)
   graphic-a__lanczos__low.png 512x512: T256/O32/H0 65.6 dB (max 8, band×6782.7) · T256/O64/H0 68.5 dB (max 4, band×2757.1) · T128/O32/H0 62.8 dB (max 4, band×6604.7) · T256/O16/H56 108.0 dB (max 1, band×1.1) · T256/O0/H56 ∞ dB (max 0, band×1.0) · T256/O16/H64 108.0 dB (max 1, band×1.1) · T384/O16/H56 108.0 dB (max 1, band×1.1)
   photo-b__bicubic__low.png 512x512: T256/O32/H0 66.2 dB (max 4, band×2250.2) · T256/O64/H0 68.4 dB (max 2, band×6594.4) · T128/O32/H0 63.4 dB (max 4, band×617.7) · T256/O16/H56 110.7 dB (max 1, band×0.8) · T256/O0/H56 ∞ dB (max 0, band×1.0) · T256/O16/H64 110.7 dB (max 1, band×0.8) · T384/O16/H56 109.1 dB (max 1, band×1.3)
   photo-b__jpeg__low.png 512x512: T256/O32/H0 64.1 dB (max 6, band×2668.8) · T256/O64/H0 66.7 dB (max 4, band×8295.7) · T128/O32/H0 61.3 dB (max 8, band×874.0) · T256/O16/H56 109.1 dB (max 1, band×0.8) · T256/O0/H56 ∞ dB (max 0, band×1.0) · T256/O16/H64 109.1 dB (max 1, band×0.8) · T384/O16/H56 109.6 dB (max 1, band×∞)
   photo-b__lanczos__low.png 512x512: T256/O32/H0 66.2 dB (max 4, band×2183.8) · T256/O64/H0 68.3 dB (max 2, band×4432.1) · T128/O32/H0 63.2 dB (max 5, band×666.1) · T256/O16/H56 109.1 dB (max 1, band×0.8) · T256/O0/H56 ∞ dB (max 0, band×1.0) · T256/O16/H64 109.1 dB (max 1, band×0.8) · T384/O16/H56 110.7 dB (max 1, band×2.0)
   graphic-b__bicubic__low.png 512x512: T256/O32/H0 66.1 dB (max 3, band×4467.6) · T256/O64/H0 68.3 dB (max 2, band×3358.3) · T128/O32/H0 63.2 dB (max 4, band×4751.1) · T256/O16/H56 104.8 dB (max 1, band×1.0) · T256/O0/H56 ∞ dB (max 0, band×1.0) · T256/O16/H64 104.8 dB (max 1, band×1.0) · T384/O16/H56 105.9 dB (max 1, band×0.8)
   graphic-b__jpeg__low.png 512x512: T256/O32/H0 64.9 dB (max 6, band×5507.0) · T256/O64/H0 67.4 dB (max 4, band×5571.6) · T128/O32/H0 62.1 dB (max 9, band×2820.8) · T256/O16/H56 107.4 dB (max 1, band×0.5) · T256/O0/H56 ∞ dB (max 0, band×1.0) · T256/O16/H64 107.4 dB (max 1, band×0.5) · T384/O16/H56 106.3 dB (max 1, band×0.9)
   graphic-b__lanczos__low.png 512x512: T256/O32/H0 65.8 dB (max 3, band×7994.4) · T256/O64/H0 68.1 dB (max 2, band×5971.3) · T128/O32/H0 63.1 dB (max 4, band×6225.1) · T256/O16/H56 109.1 dB (max 1, band×1.3) · T256/O0/H56 ∞ dB (max 0, band×1.0) · T256/O16/H64 109.1 dB (max 1, band×1.3) · T384/O16/H56 108.3 dB (max 1, band×3.7)
   photo-c__bicubic__low.png 512x512: T256/O32/H0 66.5 dB (max 4, band×2787.7) · T256/O64/H0 69.0 dB (max 2, band×4867.5) · T128/O32/H0 62.9 dB (max 5, band×844.0) · T256/O16/H56 109.6 dB (max 1, band×0.7) · T256/O0/H56 ∞ dB (max 0, band×1.0) · T256/O16/H64 109.6 dB (max 1, band×0.7) · T384/O16/H56 113.1 dB (max 1, band×0.3)
   photo-c__jpeg__low.png 512x512: T256/O32/H0 64.1 dB (max 5, band×1925.6) · T256/O64/H0 67.1 dB (max 2, band×6607.8) · T128/O32/H0 61.2 dB (max 7, band×938.7) · T256/O16/H56 110.7 dB (max 1, band×2.0) · T256/O0/H56 ∞ dB (max 0, band×1.0) · T256/O16/H64 110.7 dB (max 1, band×2.0) · T384/O16/H56 110.7 dB (max 1, band×0.8)
   photo-c__lanczos__low.png 512x512: T256/O32/H0 66.4 dB (max 3, band×2735.6) · T256/O64/H0 68.9 dB (max 2, band×5895.6) · T128/O32/H0 62.7 dB (max 4, band×943.6) · T256/O16/H56 111.3 dB (max 1, band×0.7) · T256/O0/H56 ∞ dB (max 0, band×1.0) · T256/O16/H64 111.3 dB (max 1, band×0.7) · T384/O16/H56 110.1 dB (max 1, band×1.0)
   graphic-c__bicubic__low.png 512x512: T256/O32/H0 66.3 dB (max 2, band×7142.3) · T256/O64/H0 68.5 dB (max 1, band×12752.7) · T128/O32/H0 63.4 dB (max 3, band×5495.6) · T256/O16/H56 110.1 dB (max 1, band×2.3) · T256/O0/H56 ∞ dB (max 0, band×1.0) · T256/O16/H64 110.1 dB (max 1, band×2.3) · T384/O16/H56 110.1 dB (max 1, band×2.3)
   graphic-c__jpeg__low.png 512x512: T256/O32/H0 65.9 dB (max 9, band×3512.0) · T256/O64/H0 68.5 dB (max 4, band×6464.9) · T128/O32/H0 62.7 dB (max 7, band×5142.0) · T256/O16/H56 111.3 dB (max 1, band×0.7) · T256/O0/H56 ∞ dB (max 0, band×1.0) · T256/O16/H64 111.3 dB (max 1, band×0.7) · T384/O16/H56 106.6 dB (max 1, band×5.7)
   graphic-c__lanczos__low.png 512x512: T256/O32/H0 66.2 dB (max 3, band×4089.0) · T256/O64/H0 68.5 dB (max 2, band×4323.5) · T128/O32/H0 63.2 dB (max 4, band×5676.9) · T256/O16/H56 108.3 dB (max 1, band×0.7) · T256/O0/H56 ∞ dB (max 0, band×1.0) · T256/O16/H64 108.3 dB (max 1, band×0.7) · T384/O16/H56 107.4 dB (max 1, band×2.2)
   photo-d__bicubic__low.png 512x512: T256/O32/H0 64.4 dB (max 6, band×2207.3) · T256/O64/H0 67.1 dB (max 3, band×8919.9) · T128/O32/H0 62.1 dB (max 5, band×602.4) · T256/O16/H56 109.1 dB (max 1, band×0.8) · T256/O0/H56 ∞ dB (max 0, band×1.0) · T256/O16/H64 109.1 dB (max 1, band×0.8) · T384/O16/H56 108.7 dB (max 1, band×0.9)
   photo-d__jpeg__low.png 512x512: T256/O32/H0 62.9 dB (max 10, band×1975.8) · T256/O64/H0 66.2 dB (max 4, band×8268.0) · T128/O32/H0 60.3 dB (max 8, band×750.6) · T256/O16/H56 110.7 dB (max 1, band×2.0) · T256/O0/H56 ∞ dB (max 0, band×1.0) · T256/O16/H64 110.7 dB (max 1, band×2.0) · T384/O16/H56 112.1 dB (max 1, band×∞)
   photo-d__lanczos__low.png 512x512: T256/O32/H0 64.2 dB (max 4, band×3828.9) · T256/O64/H0 67.0 dB (max 2, band×5458.3) · T128/O32/H0 62.0 dB (max 5, band×575.3) · T256/O16/H56 110.1 dB (max 1, band×0.2) · T256/O0/H56 ∞ dB (max 0, band×1.0) · T256/O16/H64 110.1 dB (max 1, band×0.2) · T384/O16/H56 108.3 dB (max 1, band×1.0)
   graphic-d__bicubic__low.png 512x512: T256/O32/H0 66.4 dB (max 2, band×15577.7) · T256/O64/H0 68.3 dB (max 1, band×19992.5) · T128/O32/H0 63.4 dB (max 3, band×6558.7) · T256/O16/H56 108.7 dB (max 1, band×3.3) · T256/O0/H56 ∞ dB (max 0, band×1.0) · T256/O16/H64 108.7 dB (max 1, band×3.3) · T384/O16/H56 111.3 dB (max 1, band×0.7)
   graphic-d__jpeg__low.png 512x512: T256/O32/H0 66.2 dB (max 5, band×4103.3) · T256/O64/H0 68.8 dB (max 3, band×8985.5) · T128/O32/H0 62.6 dB (max 10, band×2985.0) · T256/O16/H56 114.4 dB (max 1, band×∞) · T256/O0/H56 ∞ dB (max 0, band×1.0) · T256/O16/H64 114.4 dB (max 1, band×∞) · T384/O16/H56 108.3 dB (max 1, band×1.7)
   graphic-d__lanczos__low.png 512x512: T256/O32/H0 66.3 dB (max 3, band×6392.8) · T256/O64/H0 68.3 dB (max 1, band×3370.4) · T128/O32/H0 63.3 dB (max 3, band×5405.9) · T256/O16/H56 108.7 dB (max 1, band×0.4) · T256/O0/H56 ∞ dB (max 0, band×1.0) · T256/O16/H64 108.7 dB (max 1, band×0.4) · T384/O16/H56 108.3 dB (max 1, band×1.7)
   photo-e__bicubic__low.png 512x512: T256/O32/H0 67.0 dB (max 3, band×2888.7) · T256/O64/H0 69.3 dB (max 2, band×8000.1) · T128/O32/H0 63.7 dB (max 4, band×535.9) · T256/O16/H56 111.3 dB (max 1, band×0.7) · T256/O0/H56 ∞ dB (max 0, band×1.0) · T256/O16/H64 111.3 dB (max 1, band×0.7) · T384/O16/H56 110.1 dB (max 1, band×2.3)
   photo-e__jpeg__low.png 512x512: T256/O32/H0 64.9 dB (max 6, band×2148.3) · T256/O64/H0 68.0 dB (max 4, band×8742.7) · T128/O32/H0 62.3 dB (max 6, band×500.2) · T256/O16/H56 111.3 dB (max 1, band×0.7) · T256/O0/H56 ∞ dB (max 0, band×1.0) · T256/O16/H64 111.3 dB (max 1, band×0.7) · T384/O16/H56 108.7 dB (max 1, band×3.3)
   photo-e__lanczos__low.png 512x512: T256/O32/H0 66.9 dB (max 3, band×1991.0) · T256/O64/H0 69.3 dB (max 2, band×10674.2) · T128/O32/H0 63.6 dB (max 5, band×530.0) · T256/O16/H56 112.1 dB (max 1, band×1.3) · T256/O0/H56 ∞ dB (max 0, band×1.0) · T256/O16/H64 112.1 dB (max 1, band×1.3) · T384/O16/H56 110.7 dB (max 1, band×2.0)
N4 4x_NERVE_OTF_fidelity over 27 images — tiled vs whole-frame, 8-bit (worst per geometry):
   T256/O32/H0: worst 62.9 dB · max |Δ| 10 · worst share changed 2.935% · worst seam-band MSE ratio ×15577.67
   T256/O64/H0: worst 66.2 dB · max |Δ| 5 · worst share changed 1.565% · worst seam-band MSE ratio ×19992.50
   T128/O32/H0: worst 60.3 dB · max |Δ| 10 · worst share changed 5.359% · worst seam-band MSE ratio ×6604.68
   T256/O16/H56: worst 104.8 dB · max |Δ| 1 · worst share changed 0.000% · worst seam-band MSE ratio ×1000000000.00
   T256/O0/H56: worst ∞ dB · max |Δ| 0 · worst share changed 0.000% · worst seam-band MSE ratio ×1.00
   T256/O16/H64: worst 104.8 dB · max |Δ| 1 · worst share changed 0.000% · worst seam-band MSE ratio ×1000000000.00
   T384/O16/H56: worst 105.5 dB · max |Δ| 1 · worst share changed 0.000% · worst seam-band MSE ratio ×1000000000.00
