MLX_ENABLE_TF32=0
S1 2x_NERVE_OTF_gan_37x53.safetensors [gpu] chained: stem 2.95e-07 · block0 4.16e-07 · block23 1.84e-06 · body 1.93e-06 · head 2.77e-06 · shuffle 2.77e-06 · bicubic 2.67e-07 · output 1.35e-06 · vs ONNX 135.8 dB
   isolated: stem 2.95e-07 · block0 4.75e-07 · block23 1.53e-06 · body 1.59e-06 · head 6.35e-07 · shuffle 0.00e+00 · bicubic 2.67e-07 · output 0.00e+00
   probe OWHI kernels: block0 rel 4.73e-01 = 23634× the chained tail tol ✅
   probes: shuffle (r,r,C) rel 1.21e+00 = 60605× tol, correct-order on the golden head max|Δ| 0.0 ✅ · bicubic border(4px) max 2.38e-07 vs interior 2.98e-07 (×0.80), alignCorners:true 28.7 dB · MLXNN Upsample reference rel 3.20e-07 ✅
S1 2x_NERVE_OTF_gan_64x64.safetensors [gpu] chained: stem 3.47e-07 · block0 6.15e-07 · block23 1.38e-06 · body 1.51e-06 · head 3.22e-06 · shuffle 3.22e-06 · bicubic 2.97e-07 · output 1.12e-06 · vs ONNX 139.9 dB
   isolated: stem 3.47e-07 · block0 5.03e-07 · block23 1.48e-06 · body 1.64e-06 · head 6.58e-07 · shuffle 0.00e+00 · bicubic 2.97e-07 · output 0.00e+00
   probe OWHI kernels: block0 rel 4.44e-01 = 22215× the chained tail tol ✅
   probes: shuffle (r,r,C) rel 9.55e-01 = 47740× tol, correct-order on the golden head max|Δ| 0.0 ✅ · bicubic border(4px) max 2.98e-07 vs interior 3.58e-07 (×0.83), alignCorners:true 28.6 dB · MLXNN Upsample reference rel 3.96e-07 ✅
S1 2x_NERVE_release_37x53.safetensors [gpu] chained: stem 2.52e-07 · block0 4.34e-07 · block23 1.43e-06 · body 1.43e-06 · head 1.36e-06 · shuffle 1.36e-06 · bicubic 2.67e-07 · output 7.70e-07 · vs ONNX 137.8 dB
   isolated: stem 2.52e-07 · block0 3.86e-07 · block23 1.53e-06 · body 1.54e-06 · head 4.31e-07 · shuffle 0.00e+00 · bicubic 2.67e-07 · output 0.00e+00
   probe OWHI kernels: block0 rel 3.92e-01 = 19607× the chained tail tol ✅
   probes: shuffle (r,r,C) rel 1.46e+00 = 73202× tol, correct-order on the golden head max|Δ| 0.0 ✅ · bicubic border(4px) max 2.38e-07 vs interior 2.98e-07 (×0.80), alignCorners:true 28.7 dB · MLXNN Upsample reference rel 3.20e-07 ✅
S1 2x_NERVE_release_64x64.safetensors [gpu] chained: stem 3.24e-07 · block0 6.98e-07 · block23 2.30e-06 · body 2.26e-06 · head 2.26e-06 · shuffle 2.26e-06 · bicubic 2.97e-07 · output 9.58e-07 · vs ONNX 138.2 dB
   isolated: stem 3.24e-07 · block0 4.96e-07 · block23 1.46e-06 · body 1.45e-06 · head 6.75e-07 · shuffle 0.00e+00 · bicubic 2.97e-07 · output 0.00e+00
   probe OWHI kernels: block0 rel 3.96e-01 = 19780× the chained tail tol ✅
   probes: shuffle (r,r,C) rel 1.61e+00 = 80429× tol, correct-order on the golden head max|Δ| 0.0 ✅ · bicubic border(4px) max 2.98e-07 vs interior 3.58e-07 (×0.83), alignCorners:true 28.6 dB · MLXNN Upsample reference rel 3.96e-07 ✅
S1 4x_NERVE_OTF_fidelity_37x53.safetensors [gpu] chained: stem 2.17e-07 · block0 3.34e-07 · block23 2.75e-06 · body 2.75e-06 · head 1.94e-06 · shuffle 1.94e-06 · bicubic 3.17e-07 · output 7.27e-07 · vs ONNX 140.5 dB
   isolated: stem 2.17e-07 · block0 3.08e-07 · block23 1.85e-06 · body 1.85e-06 · head 6.24e-07 · shuffle 0.00e+00 · bicubic 3.17e-07 · output 0.00e+00
   probe OWHI kernels: block0 rel 5.23e-01 = 26149× the chained tail tol ✅
   probes: shuffle (r,r,C) rel 1.04e+00 = 52178× tol, correct-order on the golden head max|Δ| 0.0 ✅ · bicubic border(8px) max 2.98e-07 vs interior 3.58e-07 (×0.83), alignCorners:true 25.3 dB · MLXNN Upsample reference rel 3.70e-07 ✅
S1 4x_NERVE_OTF_fidelity_64x64.safetensors [gpu] chained: stem 3.35e-07 · block0 8.32e-07 · block23 1.68e-06 · body 1.76e-06 · head 1.60e-06 · shuffle 1.60e-06 · bicubic 2.94e-07 · output 9.34e-07 · vs ONNX 141.3 dB
   isolated: stem 3.35e-07 · block0 5.17e-07 · block23 2.28e-06 · body 2.36e-06 · head 7.90e-07 · shuffle 0.00e+00 · bicubic 2.94e-07 · output 0.00e+00
   probe OWHI kernels: block0 rel 4.56e-01 = 22788× the chained tail tol ✅
   probes: shuffle (r,r,C) rel 8.58e-01 = 42890× tol, correct-order on the golden head max|Δ| 0.0 ✅ · bicubic border(8px) max 3.58e-07 vs interior 3.58e-07 (×1.00), alignCorners:true 25.2 dB · MLXNN Upsample reference rel 3.92e-07 ✅
S1 4x_NERVE_OTF_gan_37x53.safetensors [gpu] chained: stem 1.98e-07 · block0 5.94e-07 · block23 1.82e-06 · body 1.84e-06 · head 2.12e-06 · shuffle 2.12e-06 · bicubic 3.17e-07 · output 1.14e-06 · vs ONNX 137.0 dB
   isolated: stem 1.98e-07 · block0 4.08e-07 · block23 1.96e-06 · body 1.98e-06 · head 6.36e-07 · shuffle 0.00e+00 · bicubic 3.17e-07 · output 0.00e+00
   probe OWHI kernels: block0 rel 5.81e-01 = 29073× the chained tail tol ✅
   probes: shuffle (r,r,C) rel 1.28e+00 = 63864× tol, correct-order on the golden head max|Δ| 0.0 ✅ · bicubic border(8px) max 2.98e-07 vs interior 3.58e-07 (×0.83), alignCorners:true 25.3 dB · MLXNN Upsample reference rel 3.70e-07 ✅
S1 4x_NERVE_OTF_gan_64x64.safetensors [gpu] chained: stem 3.25e-07 · block0 6.41e-07 · block23 1.94e-06 · body 2.04e-06 · head 2.55e-06 · shuffle 2.55e-06 · bicubic 2.94e-07 · output 1.32e-06 · vs ONNX 139.2 dB
   isolated: stem 3.25e-07 · block0 4.22e-07 · block23 3.29e-06 · body 3.45e-06 · head 7.28e-07 · shuffle 0.00e+00 · bicubic 2.94e-07 · output 0.00e+00
   probe OWHI kernels: block0 rel 4.92e-01 = 24619× the chained tail tol ✅
   probes: shuffle (r,r,C) rel 1.08e+00 = 54073× tol, correct-order on the golden head max|Δ| 0.0 ✅ · bicubic border(8px) max 3.58e-07 vs interior 3.58e-07 (×1.00), alignCorners:true 25.2 dB · MLXNN Upsample reference rel 3.92e-07 ✅
S1 4x_NERVE_release_37x53.safetensors [gpu] chained: stem 3.01e-07 · block0 4.54e-07 · block23 1.41e-06 · body 1.39e-06 · head 1.43e-06 · shuffle 1.43e-06 · bicubic 3.17e-07 · output 8.93e-07 · vs ONNX 135.1 dB
   isolated: stem 3.01e-07 · block0 3.41e-07 · block23 1.85e-06 · body 1.83e-06 · head 4.41e-07 · shuffle 0.00e+00 · bicubic 3.17e-07 · output 0.00e+00
   probe OWHI kernels: block0 rel 5.20e-01 = 26020× the chained tail tol ✅
   probes: shuffle (r,r,C) rel 1.26e+00 = 63057× tol, correct-order on the golden head max|Δ| 0.0 ✅ · bicubic border(8px) max 2.98e-07 vs interior 3.58e-07 (×0.83), alignCorners:true 25.3 dB · MLXNN Upsample reference rel 3.70e-07 ✅
S1 4x_NERVE_release_64x64.safetensors [gpu] chained: stem 3.00e-07 · block0 7.84e-07 · block23 2.87e-06 · body 2.88e-06 · head 3.27e-06 · shuffle 3.27e-06 · bicubic 2.94e-07 · output 1.44e-06 · vs ONNX 138.5 dB
   isolated: stem 3.00e-07 · block0 6.66e-07 · block23 3.66e-06 · body 3.66e-06 · head 7.99e-07 · shuffle 0.00e+00 · bicubic 2.94e-07 · output 0.00e+00
   probe OWHI kernels: block0 rel 4.17e-01 = 20827× the chained tail tol ✅
   probes: shuffle (r,r,C) rel 1.46e+00 = 72765× tol, correct-order on the golden head max|Δ| 0.0 ✅ · bicubic border(8px) max 3.58e-07 vs interior 3.58e-07 (×1.00), alignCorners:true 25.2 dB · MLXNN Upsample reference rel 3.92e-07 ✅
S1 worst rel per tap, chained: stem 3.47e-07 · block0 8.32e-07 · block23 2.87e-06 · body 2.88e-06 · head 3.27e-06 · shuffle 3.27e-06 · bicubic 3.17e-07 · output 1.44e-06
S1 worst rel per tap, isolated: stem 3.47e-07 · block0 6.66e-07 · block23 3.66e-06 · body 3.66e-06 · head 7.99e-07 · shuffle 0.00e+00 · bicubic 3.17e-07 · output 0.00e+00
✅ S1 PASSED (10 goldens)
